
> modo-components@0.0.0 build
> vue-tsc -b && vite build

src/App.vue(202,30): error TS2345: Argument of type '{ placement: "bottom-end"; }' is not assignable to parameter of type '{ readonly items: DropdownMenuEntry[]; readonly triggerLabel?: string | undefined; readonly triggerIcon?: Component | undefined; readonly triggerVariant?: "text" | ... 3 more ... | undefined; ... 11 more ...; readonly "onUpdate:open"?: ((value: boolean) => any) | undefined; } & VNodeProps & AllowedComponentProps & C...'.
  Property 'items' is missing in type '{ placement: "bottom-end"; }' but required in type '{ readonly items: DropdownMenuEntry[]; readonly triggerLabel?: string | undefined; readonly triggerIcon?: Component | undefined; readonly triggerVariant?: "text" | ... 3 more ... | undefined; ... 11 more ...; readonly "onUpdate:open"?: ((value: boolean) => any) | undefined; }'.
src/showroom/pages/data-display/AvatarGroupPage.vue(6,25): error TS2307: Cannot find module '../../../components/data-display/AvatarGroup.vue' or its corresponding type declarations.
src/showroom/pages/data-display/AvatarPage.vue(6,20): error TS2307: Cannot find module '../../../components/data-display/Avatar.vue' or its corresponding type declarations.
src/showroom/pages/data-display/CardPage.vue(5,8): error TS2300: Duplicate identifier 'Card'.
src/showroom/pages/data-display/CardPage.vue(6,8): error TS2300: Duplicate identifier 'Card'.
src/showroom/pages/data-display/DateRangePickerPage.vue(6,29): error TS2307: Cannot find module '../../../components/data-display/DateRangePicker.vue' or its corresponding type declarations.
src/showroom/pages/data-display/DateTimePickerPage.vue(6,28): error TS2307: Cannot find module '../../../components/data-display/DateTimePicker.vue' or its corresponding type declarations.
src/showroom/pages/data-display/SchedulerPage.vue(18,18): error TS2345: Argument of type '{}' is not assignable to parameter of type '{ readonly modelValue?: Date | undefined; readonly resources: SchedulerResource[]; readonly events?: SchedulerEvent[] | undefined; readonly resourceIdField?: string | undefined; ... 48 more ...; readonly "onSelect-range"?: ((start: Date, end: Date, resource: SchedulerResource) => any) | undefined; } & VNodeProps & A...'.
  Property 'resources' is missing in type '{}' but required in type '{ readonly modelValue?: Date | undefined; readonly resources: SchedulerResource[]; readonly events?: SchedulerEvent[] | undefined; readonly resourceIdField?: string | undefined; ... 48 more ...; readonly "onSelect-range"?: ((start: Date, end: Date, resource: SchedulerResource) => any) | undefined; }'.
src/showroom/pages/data-display/TablePage.vue(18,18): error TS2345: Argument of type '{}' is not assignable to parameter of type 'VNodeProps & AllowedComponentProps & ComponentCustomProps & { data: unknown[]; columns?: TableColumn<unknown>[] | undefined; ... 67 more ...; "onUpdate:state"?: ((next: TableStateSnapshot) => any) | undefined; } & Record<...>'.
  Property 'data' is missing in type '{}' but required in type '{ data: unknown[]; columns?: TableColumn<unknown>[] | undefined; rowKey?: string | ((row: unknown, index: number) => string | number) | undefined; size?: "small" | "medium" | "large" | undefined; ... 65 more ...; "onUpdate:state"?: ((next: TableStateSnapshot) => any) | undefined; }'.
src/showroom/pages/data-display/TypographyPage.vue(4,8): error TS2300: Duplicate identifier 'Typography'.
src/showroom/pages/data-display/TypographyPage.vue(6,8): error TS2300: Duplicate identifier 'Typography'.
src/showroom/pages/forms/MultiSelectPage.vue(18,18): error TS2345: Argument of type '{}' is not assignable to parameter of type '{ readonly modelValue?: SelectValue[] | undefined; readonly options: SelectOption[]; readonly label?: string | undefined; readonly placeholder?: string | undefined; ... 32 more ...; readonly onOpen?: (() => any) | undefined; } & VNodeProps & AllowedComponentProps & ComponentCustomProps & Record<...>'.
  Property 'options' is missing in type '{}' but required in type '{ readonly modelValue?: SelectValue[] | undefined; readonly options: SelectOption[]; readonly label?: string | undefined; readonly placeholder?: string | undefined; ... 32 more ...; readonly onOpen?: (() => any) | undefined; }'.
src/showroom/pages/forms/SelectPage.vue(18,18): error TS2345: Argument of type '{}' is not assignable to parameter of type '{ readonly modelValue?: SelectValue | null | undefined; readonly options: SelectOption[]; readonly label?: string | undefined; readonly placeholder?: string | undefined; ... 29 more ...; readonly onOpen?: (() => any) | undefined; } & VNodeProps & AllowedComponentProps & ComponentCustomProps & Record<...>'.
  Property 'options' is missing in type '{}' but required in type '{ readonly modelValue?: SelectValue | null | undefined; readonly options: SelectOption[]; readonly label?: string | undefined; readonly placeholder?: string | undefined; ... 29 more ...; readonly onOpen?: (() => any) | undefined; }'.
src/showroom/pages/layout/PopoverPanelPage.vue(18,18): error TS2345: Argument of type '{}' is not assignable to parameter of type '{ readonly open: boolean; readonly style?: Record<string, string> | undefined; readonly radius?: "none" | "small" | "medium" | "large" | "full" | undefined; readonly role?: string | undefined; readonly labelledBy?: string | undefined; readonly "onUpdate:panelRef"?: ((el: HTMLElement | null) => any) | undefined; } & ...'.
  Property 'open' is missing in type '{}' but required in type '{ readonly open: boolean; readonly style?: Record<string, string> | undefined; readonly radius?: "none" | "small" | "medium" | "large" | "full" | undefined; readonly role?: string | undefined; readonly labelledBy?: string | undefined; readonly "onUpdate:panelRef"?: ((el: HTMLElement | null) => any) | undefined; }'.
src/showroom/pages/navigation/BreadcrumbsPage.vue(18,18): error TS2345: Argument of type '{}' is not assignable to parameter of type '{ readonly items: BreadcrumbItem[]; readonly max?: number | undefined; readonly separator?: "dot" | "arrow" | "chevron" | "slash" | undefined; readonly separatorText?: string | undefined; readonly size?: "small" | ... 2 more ... | undefined; readonly showHomeIcon?: boolean | undefined; readonly ariaLabel?: string | ...'.
  Property 'items' is missing in type '{}' but required in type '{ readonly items: BreadcrumbItem[]; readonly max?: number | undefined; readonly separator?: "dot" | "arrow" | "chevron" | "slash" | undefined; readonly separatorText?: string | undefined; readonly size?: "small" | ... 2 more ... | undefined; readonly showHomeIcon?: boolean | undefined; readonly ariaLabel?: string | ...'.
src/showroom/pages/navigation/DropdownMenuPage.vue(18,18): error TS2345: Argument of type '{}' is not assignable to parameter of type '{ readonly items: DropdownMenuEntry[]; readonly triggerLabel?: string | undefined; readonly triggerIcon?: Component | undefined; readonly triggerVariant?: "text" | ... 3 more ... | undefined; ... 11 more ...; readonly "onUpdate:open"?: ((value: boolean) => any) | undefined; } & VNodeProps & AllowedComponentProps & C...'.
  Property 'items' is missing in type '{}' but required in type '{ readonly items: DropdownMenuEntry[]; readonly triggerLabel?: string | undefined; readonly triggerIcon?: Component | undefined; readonly triggerVariant?: "text" | ... 3 more ... | undefined; ... 11 more ...; readonly "onUpdate:open"?: ((value: boolean) => any) | undefined; }'.
src/showroom/pages/navigation/PaginationPage.vue(18,18): error TS2345: Argument of type '{}' is not assignable to parameter of type '{ readonly modelValue: number; readonly pageCount: number; readonly siblingCount?: number | undefined; readonly boundaryCount?: number | undefined; readonly showFirstLast?: boolean | undefined; ... 7 more ...; readonly "onUpdate:modelValue"?: ((page: number) => any) | undefined; } & VNodeProps & AllowedComponentProp...'.
  Type '{}' is missing the following properties from type '{ readonly modelValue: number; readonly pageCount: number; readonly siblingCount?: number | undefined; readonly boundaryCount?: number | undefined; readonly showFirstLast?: boolean | undefined; ... 7 more ...; readonly "onUpdate:modelValue"?: ((page: number) => any) | undefined; }': modelValue, pageCount
src/showroom/pages/navigation/TabsPage.vue(18,18): error TS2345: Argument of type '{}' is not assignable to parameter of type '{ readonly items: TabItem[]; readonly modelValue?: string | number | null | undefined; readonly variant?: "line" | "pill" | "segmented" | undefined; readonly color?: "default" | "primary" | "danger" | "success" | "warning" | undefined; ... 8 more ...; readonly "onUpdate:modelValue"?: ((value: string | number) => any...'.
  Property 'items' is missing in type '{}' but required in type '{ readonly items: TabItem[]; readonly modelValue?: string | number | null | undefined; readonly variant?: "line" | "pill" | "segmented" | undefined; readonly color?: "default" | "primary" | "danger" | "success" | "warning" | undefined; ... 8 more ...; readonly "onUpdate:modelValue"?: ((value: string | number) => any...'.
